[chandrago.github.io/index.html]
[backblue.gif]
[fade.gif]
[index.html]
[chandrago.github.io/favicon.png]
[chandrago.github.io/css/reset.css]
[chandrago.github.io/css/bootstrap-grid.min.css]
[chandrago.github.io/css/owl.carousel.css]
[chandrago.github.io/css/magnific-popup.css]
[chandrago.github.io/css/main.css]
[chandrago.github.io/css/animations.css]
[chandrago.github.io/img/main_bg_1.jpg]
[chandrago.github.io/index-2.html]
[chandrago.github.io/index2.html]
[chandrago.github.io/img/main_photo.jpg]
[chandrago.github.io/Chandra Dwi Hafiluddin.pdf]
[chandrago.github.io/img/main_photo_1.jpg]
[chandrago.github.io/img/testimonials/testimonial-1.jpg]
[chandrago.github.io/img/testimonials/testimonial-2.jpg]
[chandrago.github.io/img/testimonials/testimonial-3.jpg]
[chandrago.github.io/img/sertifikat/sertifikat 1.jpg]
[chandrago.github.io/img/sertifikat/sertifikat 2.jpg]
[chandrago.github.io/img/sertifikat/sertifikat 3.jpg]
[chandrago.github.io/img/sertifikat/sertifikat 4.png]
[chandrago.github.io/img/sertifikat/sertifikat 5.jpg]
[chandrago.github.io/img/sertifikat/sertifikat 6.png]
[chandrago.github.io/img/sertifikat/sertifikat 7.jpg]
[i.ibb.co/fqMxzst/Chandra-Dwi-Hafiluddin-Lomba-Poster.jpg]
[chandrago.github.io/img/portfolio/manipulasi.jpg]
[i.ibb.co/BwyPTfR/Cara-Upload-File-HTML-Domain-Gratis-Selamanya.jpg]
[i.ibb.co/8zRpMHv/Screenshot-1.png]
[i.ibb.co/fpGRNg2/image.png]
[i.ibb.co/s3gyfLR/image.png]
[i.ibb.co/txdxZph/image.png]
[chandrago.github.io/blog-post-1.html]
[1.bp.blogspot.com/-YYPtbxWdbJA/XKr2Eq3HJII/AAAAAAAAAH8/3tQ_PLQ1hiUWywUNf-gTB-jbItKFhMENgCLcBGAs/s640/1.jpg]
[chandrago.github.io/blog-post-2.html]
[myrepublic.co.id/wp-content/uploads/2019/02/Web-Banner-Blogger-Competition-2.jpg]
[chandrago.github.io/cdn-cgi/scripts/5c5dd728/cloudflare-static/email-decode.min.js]
[chandrago.github.io/js/jquery.min.js]
[chandrago.github.io/js/modernizr.custom.js]
[chandrago.github.io/js/animating.js]
[chandrago.github.io/js/imagesloaded.pkgd.min.js]
[chandrago.github.io/www.google.com/recaptcha/api.js]
[chandrago.github.io/js/isotope.pkgd.min.js]
[chandrago.github.io/js/owl.carousel.min.js]
[chandrago.github.io/js/jquery.magnific-popup.min.js]
[chandrago.github.io/js/validator.js]
[chandrago.github.io/index.html]
[chandrago.github.io/css/reset.css]
[chandrago.github.io/css/bootstrap-grid.min.css]
[chandrago.github.io/js/main.js]
[chandrago.github.io/css/owl.carousel.css]
[chandrago.github.io/css/magnific-popup.css]
[chandrago.github.io/css/fonts/linear-icons-font/style.css]
[chandrago.github.io/css/main.css]
[chandrago.github.io/css/animations.css]
[chandrago.github.io/index-2.html]
[chandrago.github.io/css/fonts/fontawesome-free-5.12.1-web/css/all.min.css]
[chandrago.github.io/css/maindark.css]
[chandrago.github.io/img/bg_dark.jpg]
[chandrago.github.io/index2.html]
[chandrago.github.io/Chandra Dwi Hafiluddin.html]
[chandrago.github.io/favicon.ico]
[4.bp.blogspot.com/-R_6al3gT3D8/XKr2D4jKICI/AAAAAAAAAIE/y4WDXJrpCmYs4KTBJ5FpK6GpQnj6lkS1gCEwYBhgL/s1600/2.jpg]
[4.bp.blogspot.com/-R_6al3gT3D8/XKr2D4jKICI/AAAAAAAAAIE/y4WDXJrpCmYs4KTBJ5FpK6GpQnj6lkS1gCEwYBhgL/s400/2.jpg]
[2.bp.blogspot.com/-ZbRn1Bbc0Oc/XKr3cGJxVDI/AAAAAAAAAIM/p7Plqdp0_7gLPh1rqgsprPcjXvJR5DABwCLcBGAs/s1600/3.jpg]
[2.bp.blogspot.com/-ZbRn1Bbc0Oc/XKr3cGJxVDI/AAAAAAAAAIM/p7Plqdp0_7gLPh1rqgsprPcjXvJR5DABwCLcBGAs/s400/3.jpg]
[3.bp.blogspot.com/-L2wZj3TmLPU/XKr5f8iJ8vI/AAAAAAAAAIk/CKJp6US3TuIkC-DbZWaEkbuhd3jc3M0WwCLcBGAs/s1600/1_ZD_2eSJAykAYpeMMWATyeQ.jpeg]
[3.bp.blogspot.com/-L2wZj3TmLPU/XKr5f8iJ8vI/AAAAAAAAAIk/CKJp6US3TuIkC-DbZWaEkbuhd3jc3M0WwCLcBGAs/s400/1_ZD_2eSJAykAYpeMMWATyeQ.jpeg]
[3.bp.blogspot.com/-amBuC2LznP8/XKr6Hd_hixI/AAAAAAAAAIs/pM_HqyMeJGovG6xPcYYpMzjMse09dcrgwCLcBGAs/s1600/images (9).jpeg]
[3.bp.blogspot.com/-amBuC2LznP8/XKr6Hd_hixI/AAAAAAAAAIs/pM_HqyMeJGovG6xPcYYpMzjMse09dcrgwCLcBGAs/s400/images (9).jpeg]
[2.bp.blogspot.com/-N87UQcHPB0o/XKr3oygYBsI/AAAAAAAAAIQ/a1ZT2vyIAVE46tKYz0OMWnOswUF-iDNdQCLcBGAs/s1600/4.jpg]
[2.bp.blogspot.com/-N87UQcHPB0o/XKr3oygYBsI/AAAAAAAAAIQ/a1ZT2vyIAVE46tKYz0OMWnOswUF-iDNdQCLcBGAs/s400/4.jpg]
[1.bp.blogspot.com/-9SiRWlkiiog/XKr4j16I1CI/AAAAAAAAAIY/9SAVG-kHOIQcbC41zpBooqQJB9wYb7p9wCLcBGAs/s1600/images (8).jpeg]
[1.bp.blogspot.com/-9SiRWlkiiog/XKr4j16I1CI/AAAAAAAAAIY/9SAVG-kHOIQcbC41zpBooqQJB9wYb7p9wCLcBGAs/s400/images (8).jpeg]
[chandrago.github.io/blog-post-1.html]
[chandrago.github.io/blog-post-2.html]
[chandrago.github.io/cdn-cgi/scripts/5c5dd728/cloudflare-static/email-decode.min.html]
[chandrago.github.io/www.google.com/recaptcha/api.html]
[chandrago.github.io/css/fonts/linear-icons-font/fonts/Linearicons-Free54e954e9.eot]
[chandrago.github.io/css/fonts/linear-icons-font/fonts/Linearicons-Freed41dd41d.eot]
[chandrago.github.io/css/fonts/linear-icons-font/fonts/Linearicons-Free54e954e9.woff2]
[chandrago.github.io/css/fonts/linear-icons-font/fonts/Linearicons-Free54e954e9.woff]
[chandrago.github.io/css/fonts/linear-icons-font/fonts/Linearicons-Free54e954e9.ttf]
[chandrago.github.io/css/fonts/linear-icons-font/style.css]
[chandrago.github.io/css/fonts/linear-icons-font/fonts/Linearicons-Free54e954e9.svg]
[chandrago.github.io/css/fonts/fontawesome-free-5.12.1-web/webfonts/fa-brands-400.eot]
[chandrago.github.io/css/fonts/fontawesome-free-5.12.1-web/webfonts/fa-brands-400d41dd41d.eot]
[chandrago.github.io/css/fonts/fontawesome-free-5.12.1-web/webfonts/fa-brands-400.woff2]
[chandrago.github.io/css/fonts/fontawesome-free-5.12.1-web/webfonts/fa-brands-400.woff]
[chandrago.github.io/css/fonts/fontawesome-free-5.12.1-web/webfonts/fa-brands-400.ttf]
[chandrago.github.io/css/fonts/fontawesome-free-5.12.1-web/webfonts/fa-brands-400.svg]
[chandrago.github.io/css/fonts/fontawesome-free-5.12.1-web/webfonts/fa-regular-400.eot]
[chandrago.github.io/css/fonts/fontawesome-free-5.12.1-web/webfonts/fa-regular-400d41dd41d.eot]
[chandrago.github.io/css/fonts/fontawesome-free-5.12.1-web/webfonts/fa-regular-400.woff2]
[chandrago.github.io/css/fonts/fontawesome-free-5.12.1-web/webfonts/fa-regular-400.woff]
[chandrago.github.io/css/fonts/fontawesome-free-5.12.1-web/webfonts/fa-regular-400.ttf]
[chandrago.github.io/css/fonts/fontawesome-free-5.12.1-web/webfonts/fa-regular-400.svg]
[chandrago.github.io/css/fonts/fontawesome-free-5.12.1-web/webfonts/fa-solid-900.eot]
[chandrago.github.io/css/fonts/fontawesome-free-5.12.1-web/webfonts/fa-solid-900d41dd41d.eot]
[chandrago.github.io/css/fonts/fontawesome-free-5.12.1-web/webfonts/fa-solid-900.woff2]
[chandrago.github.io/css/fonts/fontawesome-free-5.12.1-web/webfonts/fa-solid-900.woff]
[chandrago.github.io/css/fonts/fontawesome-free-5.12.1-web/webfonts/fa-solid-900.ttf]
[chandrago.github.io/css/fonts/fontawesome-free-5.12.1-web/css/all.min.css]
[chandrago.github.io/css/maindark.css]
[chandrago.github.io/favicon.html]
[chandrago.github.io/css/fonts/linear-icons-font/fonts/Linearicons-Free54e954e9.svg]
[chandrago.github.io/css/fonts/fontawesome-free-5.12.1-web/webfonts/fa-brands-400.svg]
[chandrago.github.io/css/fonts/fontawesome-free-5.12.1-web/webfonts/fa-regular-400.svg]
[chandrago.github.io/css/fonts/fontawesome-free-5.12.1-web/webfonts/fa-solid-900.svg]
[chandrago.github.io/css/fonts/fontawesome-free-5.12.1-web/webfonts/fa-solid-900.svg]
